??strings	DB 28
	DW S0
	DW S1
	DW S2
	DW S3
	DW S4
	DW S5
	DW S6
	DW S7
	DW S8
	DW S9
	DW S10
	DW S11
	DW S12
	DW S13
	DW S14
	DW S15
	DW S16
	DW S17
	DW S18
	DW S19
	DW S20
	DW S21
	DW S22
	DW S23
	DW S24
	DW S25
	DW S26
	DW S27
	DW S28
S0	DB 114,101,97,100,105,110,103,0
S1	DB 119,114,105,116,105,110,103,0
S2	DB 37,49,32,101,114,114,111,114,44,32,100,114,105,118,101,32,37,65,58,44,32,37,50,32,97,114,101,97,58,32,37,51,0
S3	DB 37,49,32,101,114,114,111,114,44,32,100,101,118,105,99,101,32,37,65,58,32,37,51,0
S4	DB 68,79,83,0
S5	DB 70,65,84,0
S6	DB 114,111,111,116,32,100,105,114,101,99,116,111,114,121,0
S7	DB 100,97,116,97,0
S8	DB 73,103,110,111,114,101,0
S9	DB 82,101,116,114,121,0
S10	DB 65,98,111,114,116,0
S11	DB 70,97,105,108,0
S12	DB 63,0
S13	DB 44,0
S14	DB 4,73,82,65,70,0,1,2,3
S15	DB 97,116,116,101,109,112,116,101,100,32,116,111,32,119,114,105,116,101,32,111,110,32,97,32,119,114,105,116,101,45,112,114,111,116,101,99,116,101,100,32,100,105,115,107,0
S16	DB 117,110,107,110,111,119,110,32,117,110,105,116,0
S17	DB 100,114,105,118,101,32,110,111,116,32,114,101,97,100,121,0
S18	DB 117,110,107,110,111,119,110,32,99,111,109,109,97,110,100,32,103,105,118,101,110,32,116,111,32,100,101,118,105,99,101,0
S19	DB 100,97,116,97,32,101,114,114,111,114,32,40,98,97,100,32,67,82,67,41,0
S20	DB 98,97,100,32,114,101,113,117,101,115,116,32,115,116,114,117,99,116,117,114,101,32,108,101,110,103,116,104,0
S21	DB 115,101,101,107,32,101,114,114,111,114,0
S22	DB 117,110,107,110,111,119,110,32,109,101,100,105,97,32,116,121,112,101,0
S23	DB 115,101,99,116,111,114,32,110,111,116,32,102,111,117,110,100,0
S24	DB 112,114,105,110,116,101,114,32,111,117,116,32,111,102,32,112,97,112,101,114,0
S25	DB 119,114,105,116,101,32,102,97,117,108,116,0
S26	DB 114,101,97,100,32,102,97,117,108,116,0
S27	DB 103,101,110,101,114,97,108,32,102,97,105,108,117,114,101,0
S28	DB 117,110,107,110,111,119,110,32,101,114,114,111,114,0
