TEXT_ERROR_INVALID_SWITCH: Missing from local LNG file
TEXT_ERROR_INVALID_LSWITCH: Missing from local LNG file
TEXT_ERROR_ILLFORMED_OPTION: Missing from local LNG file
TEXT_ERROR_OPT_ARG: Missing from local LNG file
TEXT_ERROR_OPT_NOARG: Missing from local LNG file
TEXT_INVALID_NUMBER: Missing from local LNG file
TEXT_ERROR_CLOSE_QUOTE: Missing from local LNG file
TEXT_ERROR_TEMPFILE: Missing from local LNG file
TEXT_ERROR_TOO_MANY_PARAMETERS_STR: Missing from local LNG file
TEXT_ERROR_TOO_MANY_PARAMETERS: Missing from local LNG file
TEXT_ERROR_INVALID_PARAMETER: Missing from local LNG file
TEXT_ERROR_PATH_NOT_FOUND: Missing from local LNG file
TEXT_ERROR_FILE_NOT_FOUND: Missing from local LNG file
TEXT_ERROR_SFILE_NOT_FOUND: Missing from local LNG file
TEXT_ERROR_REQ_PARAM_MISSING: Missing from local LNG file
TEXT_ERROR_INVALID_DRIVE: Missing from local LNG file
TEXT_ERROR_BADCOMMAND: Missing from local LNG file
TEXT_ERROR_OUT_OF_MEMORY: Missing from local LNG file
TEXT_ERROR_OUT_OF_DOS_MEMORY: Missing from local LNG file
TEXT_ERROR_CANNOTPIPE: Missing from local LNG file
TEXT_ERROR_LONG_LINE_BATCHFILE: Missing from local LNG file
TEXT_ERROR_BFILE_VANISHED: Missing from local LNG file
TEXT_ERROR_BFILE_LABEL: Missing from local LNG file
TEXT_ERROR_DIRFCT_FAILED: Missing from local LNG file
TEXT_ERROR_SET_ENV_VAR: Missing from local LNG file
TEXT_ERROR_ENV_VAR_NOT_FOUND: Missing from local LNG file
TEXT_ERROR_NO_ENVIRONMENT: Missing from local LNG file
TEXT_ERROR_SET_ALIAS: Missing from local LNG file
TEXT_ERROR_ALIAS_NOT_FOUND: Missing from local LNG file
TEXT_ERROR_NO_ALIAS_SEGMENT: Missing from local LNG file
TEXT_ERROR_SYNTAX_STR: Missing from local LNG file
TEXT_ERROR_SYNTAX: Missing from local LNG file
TEXT_ERROR_FILENAME_TOO_LONG: Missing from local LNG file
TEXT_ERROR_SELFCOPY: Missing from local LNG file
TEXT_ERROR_COMMAND_TOO_LONG: Missing from local LNG file
TEXT_ERROR_LINE_TOO_LONG: Missing from local LNG file
TEXT_ERROR_HISTORY_SIZE: Missing from local LNG file
TEXT_HISTORY_EMPTY: Missing from local LNG file
TEXT_ERROR_BAD_MCB_CHAIN: Missing from local LNG file
TEXT_ERROR_UNDEFINED_ERROR: Missing from local LNG file
TEXT_ERROR_REGION_WARNING: Missing from local LNG file
TEXT_ERROR_ON_OR_OFF: Missing from local LNG file
TEXT_ERROR_BAD_VARIABLE: Missing from local LNG file
TEXT_ERROR_IN_MISSING: Missing from local LNG file
TEXT_ERROR_MISSING_PARENTHESES: Missing from local LNG file
TEXT_ERROR_DO_MISSING: Missing from local LNG file
TEXT_ERROR_NO_COMMAND_AFTER_DO: Missing from local LNG file
TEXT_ERROR_REDIRECT_FROM_FILE: Missing from local LNG file
TEXT_ERROR_REDIRECT_TO_FILE: Missing from local LNG file
TEXT_ERROR_EMPTY_REDIRECTION: Missing from local LNG file
TEXT_ERROR_INVALID_DATE: Missing from local LNG file
TEXT_ERROR_INVALID_TIME: Missing from local LNG file
TEXT_ERROR_NO_GOTO_LABEL: Missing from local LNG file
TEXT_CTTY_NOTIMPLEMENTED: Missing from local LNG file
TEXT_ERROR_NORW_DEVICE: Missing from local LNG file
TEXT_ERROR_CTTY_DUP: Missing from local LNG file
TEXT_ERROR_L_NOTIMPLEMENTED: Missing from local LNG file
TEXT_ERROR_U_NOTIMPLEMENTED: Missing from local LNG file
TEXT_ERROR_WRITING_DEST: Missing from local LNG file
TEXT_ERROR_CANNOT_OPEN_SOURCE: Missing from local LNG file
TEXT_ERROR_OPEN_FILE: Missing from local LNG file
TEXT_ERROR_READ_FILE: Missing from local LNG file
TEXT_ERROR_WRITE_FILE: Missing from local LNG file
TEXT_ERROR_LEADING_PLUS: Missing from local LNG file
TEXT_ERROR_TRAILING_PLUS: Missing from local LNG file
TEXT_ERROR_NOTHING_TO_DO: Missing from local LNG file
TEXT_ERROR_COPY: Missing from local LNG file
TEXT_ERROR_IF_EXIST_NO_FILENAME: Missing from local LNG file
TEXT_ERROR_IF_ERRORLEVEL_NO_NUMBER: Missing from local LNG file
TEXT_ERROR_IF_ERRORLEVEL_INVALID_NUMBER: Missing from local LNG file
TEXT_ERROR_IF_MISSING_COMMAND: Missing from local LNG file
TEXT_NOT_IMPLEMENTED_YET: Missing from local LNG file
TEXT_FAILED_LOAD_STRINGS: Missing from local LNG file
TEXT_MSG_NOTIMPLEMENTED: Missing from local LNG file
TEXT_MSG_ITEMS_DISPLAYED: Missing from local LNG file
TEXT_CORRUPT_COMMAND_LINE: Missing from local LNG file
TEXT_QUOTED_C_OR_K: Missing from local LNG file
TEXT_INIT_FULLY_QUALIFIED: Missing from local LNG file
TEXT_ERROR_RESTORE_SESSION: Missing from local LNG file
TEXT_ERROR_SAVE_SESSION: Missing from local LNG file
TEXT_ERROR_CWD_FAILED: Missing from local LNG file
TEXT_ERROR_KSWAP_ALIAS_SIZE: Missing from local LNG file
TEXT_ERROR_KSWAP_ALLOCMEM: Missing from local LNG file
TEXT_ERROR_ALIAS_OUT_OF_MEM: Missing from local LNG file
TEXT_ERROR_ALIAS_NO_SUCH: Missing from local LNG file
TEXT_ERROR_ALIAS_INSERT: Missing from local LNG file
TEXT_ALIAS_INVALID_NAME: Missing from local LNG file
TEXT_ERROR_LOADING_CONTEXT: Missing from local LNG file
TEXT_ERROR_CONTEXT_OUT_OF_MEMORY: Missing from local LNG file
TEXT_ERROR_CONTEXT_LENGTH: Missing from local LNG file
TEXT_ERROR_CONTEXT_ADD_STATUS: Missing from local LNG file
TEXT_ERROR_CONTEXT_AFTER_SWAP: Missing from local LNG file
TEXT_ERROR_PERMISSION_DENIED: Missing from local LNG file
TEXT_ERROR_NO_SUCH_FILE: Missing from local LNG file
TEXT_ERROR_UNKNOWN_ERROR: Missing from local LNG file
TEXT_MSG_PAUSE: Missing from local LNG file
TEXT_MSG_HISTORY_SIZE: Missing from local LNG file
TEXT_MSG_DOSKEY: Missing from local LNG file
TEXT_MSG_ECHO_STATE: Missing from local LNG file
TEXT_MSG_VERIFY_STATE: Missing from local LNG file
TEXT_MSG_FDDEBUG_STATE: Missing from local LNG file
TEXT_MSG_FDDEBUG_TARGET: Missing from local LNG file
TEXT_MSG_BREAK_STATE: Missing from local LNG file
TEXT_MSG_LFNFOR_STATE: Missing from local LNG file
TEXT_MSG_LFNFOR_COMPLETE_STATE: Missing from local LNG file
TEXT_MSG_CURRENT_DATE: Missing from local LNG file
TEXT_MSG_ENTER_DATE_AMERICAN: Missing from local LNG file
TEXT_MSG_ENTER_DATE_EUROPE: Missing from local LNG file
TEXT_MSG_ENTER_DATE_JAPANESE: Missing from local LNG file
TEXT_MSG_CURRENT_TIME: Missing from local LNG file
TEXT_STRING_PM: Missing from local LNG file
TEXT_STRING_AM: Missing from local LNG file
TEXT_MSG_ENTER_TIME: Missing from local LNG file
TEXT_MSG_COPYING: Missing from local LNG file
PROMPT_DELETE_ALL: Missing from local LNG file
PROMPT_YES_NO: Missing from local LNG file
PROMPT_CANCEL_BATCH: Missing from local LNG file
PROMPT_OVERWRITE_FILE: Missing from local LNG file
PROMPT_APPEND_FILE: Missing from local LNG file
PROMPT_DELETE_FILE: Missing from local LNG file
TEXT_UNKNOWN_FILENAME: Missing from local LNG file
TEXT_DIRSTACK_EMPTY: Missing from local LNG file
TEXT_DIR_HDR_VOLUME: Missing from local LNG file
TEXT_DIR_HDR_VOLUME_STRING: Missing from local LNG file
TEXT_DIR_HDR_VOLUME_NONE: Missing from local LNG file
TEXT_DIR_HDR_SERIAL_NUMBER: Missing from local LNG file
TEXT_DIR_FTR_FILES: Missing from local LNG file
TEXT_DIR_FTR_BYTES: Missing from local LNG file
TEXT_DIR_FTR_TOTAL_NUMBER: Missing from local LNG file
TEXT_DIR_FTR_DIRS: Missing from local LNG file
TEXT_DIR_FTR_BYTES_FREE: Missing from local LNG file
TEXT_DIR_DIRECTORY: Missing from local LNG file
TEXT_DIR_DIRECTORY_WITH_SPACE: Missing from local LNG file
TEXT_DIR_LINE_FILENAME_WIDE: Missing from local LNG file
TEXT_DIR_LINE_FILENAME_BARE: Missing from local LNG file
TEXT_DIR_LINE_FILENAME_SINGLE: Missing from local LNG file
TEXT_DIR_LINE_FILENAME: Missing from local LNG file
TEXT_DIR_LINE_SIZE_DIR: Missing from local LNG file
TEXT_DIR_LINE_SIZE: Missing from local LNG file
TEXT_FILE_COMPLATION_DISPLAY: Missing from local LNG file
TEXT_MSG_PATH: Missing from local LNG file
TEXT_MSG_PATH_NONE: Missing from local LNG file
TEXT_WEEKDAY_SHORT_NAME_SUNDAY: Missing from local LNG file
TEXT_WEEKDAY_SHORT_NAME_MONDAY: Missing from local LNG file
TEXT_WEEKDAY_SHORT_NAME_TUESDAY: Missing from local LNG file
TEXT_WEEKDAY_SHORT_NAME_WEDNSDAY: Missing from local LNG file
TEXT_WEEKDAY_SHORT_NAME_THURSDAY: Missing from local LNG file
TEXT_WEEKDAY_SHORT_NAME_FRIDAY: Missing from local LNG file
TEXT_WEEKDAY_SHORT_NAME_SATURDAY: Missing from local LNG file
TEXT_MSG_DEL_CNT_FILES: Missing from local LNG file
TEXT_MSG_DEL_CNT_FILES_1: Missing from local LNG file
TEXT_MSG_DEL_CNT_FILES_2: Missing from local LNG file
TEXT_MSG_SHOWCMD_INTERNAL_COMMANDS: Missing from local LNG file
TEXT_MSG_SHOWCMD_FEATURES: Missing from local LNG file
TEXT_SHOWCMD_FEATURE_ALIASES: Missing from local LNG file
TEXT_SHOWCMD_FEATURE_ENHANCED_INPUT: Missing from local LNG file
TEXT_SHOWCMD_FEATURE_HISTORY: Missing from local LNG file
TEXT_SHOWCMD_FEATURE_FILENAME_COMPLETION: Missing from local LNG file
TEXT_SHOWCMD_FEATURE_SWAP_EXEC: Missing from local LNG file
TEXT_SHOWCMD_FEATURE_CALL_LOGGING: Missing from local LNG file
TEXT_SHOWCMD_FEATURE_LAST_DIR: Missing from local LNG file
TEXT_SHOWCMD_FEATURE_LONG_FILENAMES: Missing from local LNG file
TEXT_SHOWCMD_FEATURE_KERNEL_SWAP_SHELL: Missing from local LNG file
TEXT_SHOWCMD_FEATURE_XMS_SWAP: Missing from local LNG file
TEXT_SHOWCMD_DEFAULT_TO_SWAP: Missing from local LNG file
TEXT_SHOWCMD_FEATURE_INSTALLABLE_COMMANDS: Missing from local LNG file
TEXT_SHOWCMD_FEATURE_NLS: Missing from local LNG file
TEXT_SHOWCMD_FEATURE_DIRSTACK: Missing from local LNG file
TEXT_SHOWCMD_FEATURE_DEBUG: Missing from local LNG file
TEXT_MSG_INIT_BYPASS_AUTOEXEC: Missing from local LNG file
TEXT_MSG_INIT_BYPASSING_AUTOEXEC: Missing from local LNG file
TEXT_MSG_VER_DOS_VERSION: Missing from local LNG file
TEXT_MSG_VER_EARLY_FREEDOS: Missing from local LNG file
TEXT_MSG_VER_LATER_FREEDOS: Missing from local LNG file
TEXT_MSG_VER_WARRANTY: Missing from local LNG file
TEXT_MSG_VER_REDISTRIBUTION: Missing from local LNG file
TEXT_MSG_VER_DEVELOPERS: Missing from local LNG file
TEXT_MSG_REBOOT_NOW: Missing from local LNG file
TEXT_MSG_FREECOM_NOT_FOUND: Missing from local LNG file
TEXT_MEMORY_ENVIRONMENT: Missing from local LNG file
TEXT_MEMORY_CONTEXT: Missing from local LNG file
TEXT_MEMORY_HEAP: Missing from local LNG file
TEXT_MEMORY_CTXT_ALIAS: Missing from local LNG file
TEXT_MEMORY_CTXT_HISTORY: Missing from local LNG file
TEXT_MEMORY_CTXT_DIRSTACK: Missing from local LNG file
TEXT_MEMORY_CTXT_LASTDIR: Missing from local LNG file
TEXT_MEMORY_CTXT_BATCH: Missing from local LNG file
TEXT_MEMORY_CTXT_SWAPINFO: Missing from local LNG file
TEXT_ERROR_GET_CODEPAGE: Missing from local LNG file
TEXT_ERROR_SET_CODEPAGE: Missing from local LNG file
TEXT_DISPLAY_CODEPAGE: Missing from local LNG file
TEXT_CMDHELP_ALIAS: Missing from local LNG file
TEXT_CMDHELP_BEEP: Missing from local LNG file
TEXT_CMDHELP_BREAK: Missing from local LNG file
TEXT_CMDHELP_CALL: Missing from local LNG file
TEXT_CMDHELP_CD: Missing from local LNG file
TEXT_CMDHELP_CDD: Missing from local LNG file
TEXT_CMDHELP_CHCP: Missing from local LNG file
TEXT_CMDHELP_CLS: Missing from local LNG file
TEXT_CMDHELP_COLOR: Missing from local LNG file
TEXT_CMDHELP_HELP: Missing from local LNG file
TEXT_CMDHELP_COMMAND: Missing from local LNG file
TEXT_CMDHELP_COPY: Missing from local LNG file
TEXT_CMDHELP_CTTY: Missing from local LNG file
TEXT_CMDHELP_DATE: Missing from local LNG file
TEXT_CMDHELP_DEL: Missing from local LNG file
TEXT_CMDHELP_DIR: Missing from local LNG file
TEXT_CMDHELP_DOSKEY: Missing from local LNG file
TEXT_CMDHELP_ORIGINAL_DOSKEY: Missing from local LNG file
TEXT_CMDHELP_ECHO: Missing from local LNG file
TEXT_CMDHELP_EXIT: Missing from local LNG file
TEXT_CMDHELP_FOR: Missing from local LNG file
TEXT_CMDHELP_GOTO: Missing from local LNG file
TEXT_CMDHELP_HISTORY: Missing from local LNG file
TEXT_CMDHELP_IF: Missing from local LNG file
TEXT_CMDHELP_LFNFOR: Missing from local LNG file
TEXT_CMDHELP_LH: Missing from local LNG file
TEXT_CMDHELP_LOADFIX: Missing from local LNG file
TEXT_CMDHELP_MD: Missing from local LNG file
TEXT_CMDHELP_PATH: Missing from local LNG file
TEXT_CMDHELP_PAUSE: Missing from local LNG file
TEXT_CMDHELP_PROMPT: Missing from local LNG file
TEXT_CMDHELP_PUSHD: Missing from local LNG file
TEXT_CMDHELP_POPD: Missing from local LNG file
TEXT_CMDHELP_DIRS: Missing from local LNG file
TEXT_CMDHELP_RD: Missing from local LNG file
TEXT_CMDHELP_REM: Missing from local LNG file
TEXT_CMDHELP_REN: Missing from local LNG file
TEXT_CMDHELP_SET: Missing from local LNG file
TEXT_CMDHELP_SHIFT: Missing from local LNG file
TEXT_CMDHELP_TIME: Missing from local LNG file
TEXT_CMDHELP_TRUENAME: Missing from local LNG file
TEXT_CMDHELP_TYPE: Missing from local LNG file
TEXT_CMDHELP_VER: Missing from local LNG file
TEXT_CMDHELP_VERIFY: Missing from local LNG file
TEXT_CMDHELP_FDDEBUG: Missing from local LNG file
TEXT_CMDHELP_VOL: Missing from local LNG file
TEXT_CMDHELP_QUESTION: Missing from local LNG file
TEXT_CMDHELP_WHICH: Missing from local LNG file
TEXT_CMDHELP_MEMORY: Missing from local LNG file
TEXT_ERROR_COPY_PLUS_DESTINATION: Missing from local LNG file
TEXT_DELETE_FILE: Missing from local LNG file
TEXT_ERROR_WRITE_FILE_DISC_FULL: Missing from local LNG file
TEXT_COPY_COPIED_NO_END: Missing from local LNG file
TEXT_COPY_COPIED: Missing from local LNG file
TEXT_ERROR_FCOM_IS_DEVICE: Missing from local LNG file
TEXT_ERROR_FCOM_INVALID: Missing from local LNG file
TEXT_ERROR_LOADING_STRINGS: Missing from local LNG file
TEXT_TERMINATING: Missing from local LNG file
TEXT_HIDDEN_CRITER: Missing from local LNG file
TEXT_DISP_EXITCODE: Missing from local LNG file
TEXT_EXIT_REASON_NEG_1: Missing from local LNG file
TEXT_EXIT_REASON_0: Missing from local LNG file
TEXT_EXIT_REASON_1: Missing from local LNG file
TEXT_EXIT_REASON_2: Missing from local LNG file
TEXT_EXIT_REASON_3: Missing from local LNG file
TEXT_ERROR_EXE_CORRUPT: Missing from local LNG file
