
- NASM Map file ---------------------------------------------------------------

Source file:  country.asm
Output file:  country.sys

-- Program origin -------------------------------------------------------------

00000000

-- Sections (summary) ---------------------------------------------------------

Vstart            Start             Stop              Length    Class     Name
               0                 0                 0  00000000  progbits  .text
               0                 0                19  00000019  progbits  .data
              19                19               D2B  00000D12  progbits  .data1
             D2B               D2B              43B9  0000368E  progbits  .data2
            43B9              43B9              7089  00002CD0  progbits  .data3
            7089              7089              7EEF  00000E66  progbits  .data4
            7EEF              7EEF              7F0F  00000020  progbits  .data5
            7F0F              7F0F              A477  00002568  progbits  .data6
            A477              A477              A4AF  00000038  progbits  .data7
            A4AF              A4AF              A676  000001C7  progbits  .data8

-- Sections (detailed) --------------------------------------------------------

---- Section .text ------------------------------------------------------------

class:     progbits
length:                   0
start:                    0
align:     not defined
follows:   not defined
vstart:                   0
valign:    not defined
vfollows:  not defined

---- Section .data ------------------------------------------------------------

class:     progbits
length:                  19
start:                    0
align:                    1
follows:   not defined
vstart:                   0
valign:    not defined
vfollows:  not defined

---- Section .data1 -----------------------------------------------------------

class:     progbits
length:                 D12
start:                   19
align:                    1
follows:   not defined
vstart:                  19
valign:    not defined
vfollows:  not defined

---- Section .data2 -----------------------------------------------------------

class:     progbits
length:                368E
start:                  D2B
align:                    1
follows:   not defined
vstart:                 D2B
valign:    not defined
vfollows:  not defined

---- Section .data3 -----------------------------------------------------------

class:     progbits
length:                2CD0
start:                 43B9
align:                    1
follows:   not defined
vstart:                43B9
valign:    not defined
vfollows:  not defined

---- Section .data4 -----------------------------------------------------------

class:     progbits
length:                 E66
start:                 7089
align:                    1
follows:   not defined
vstart:                7089
valign:    not defined
vfollows:  not defined

---- Section .data5 -----------------------------------------------------------

class:     progbits
length:                  20
start:                 7EEF
align:                    1
follows:   not defined
vstart:                7EEF
valign:    not defined
vfollows:  not defined

---- Section .data6 -----------------------------------------------------------

class:     progbits
length:                2568
start:                 7F0F
align:                    1
follows:   not defined
vstart:                7F0F
valign:    not defined
vfollows:  not defined

---- Section .data7 -----------------------------------------------------------

class:     progbits
length:                  38
start:                 A477
align:                    1
follows:   not defined
vstart:                A477
valign:    not defined
vfollows:  not defined

---- Section .data8 -----------------------------------------------------------

class:     progbits
length:                 1C7
start:                 A4AF
align:                    1
follows:   not defined
vstart:                A4AF
valign:    not defined
vfollows:  not defined

-- Symbols --------------------------------------------------------------------

---- No Section ---------------------------------------------------------------

Value     Name
00000001  SET_ANGLO
00000001  SET_LATIN
00000001  SET_ROMANCE
00000001  SET_GERMANIC
00000001  SET_NORDIC
00000001  SET_SLAVIC_LATIN
00000001  SET_SLAVIC_CYRILLIC
00000001  SET_BALTIC
00000001  SET_SEMITIC
00000001  SET_CJK
00000001  SET_AUSTRONESIAN
0000000F  SET_THAI
00000001  SET_OTHER
00000018  CP_437
00000001  CP_737
00000001  CP_775
00000001  CP_808
00000001  CP_848
00000001  CP_849
0000001A  CP_850
00000003  CP_852
00000002  CP_855
00000001  CP_857
0000000A  CP_858
00000001  CP_860
00000001  CP_861
00000001  CP_862
00000001  CP_863
00000001  CP_864
00000001  CP_865
00000001  CP_866
00000001  CP_869
00000002  CP_872
0000000F  CP_874
00000001  CP_932
00000001  CP_934
00000001  CP_936
00000001  CP_1125
00000001  CP_1131
00000001  CP_1258
00000001  CP_30033
00000000  MDY
00000001  DMY
00000002  YMD
00000000  _12
00000001  _24
00000005  len_currency_1_437
00000005  len_currency_1_850
00000005  len_currency_1_858
00000005  len_currency_2_850
00000005  len_currency_2_858
00000005  len_currency_2_863
00000005  len_currency_3_437
00000005  len_currency_3_850
00000005  len_currency_3_858
00000005  len_currency_7_437
00000005  len_currency_7_808
00000005  len_currency_7_850
00000005  len_currency_7_852
00000005  len_currency_7_855
00000005  len_currency_7_858
00000005  len_currency_7_866
00000005  len_currency_7_872
00000005  len_currency_27_437
00000005  len_currency_27_850
00000005  len_currency_27_858
00000005  len_currency_30_737
00000005  len_currency_30_850
00000005  len_currency_30_858
00000005  len_currency_30_869
00000005  len_currency_31_437
00000005  len_currency_31_850
00000005  len_currency_31_858
00000005  len_currency_32_437
00000005  len_currency_32_850
00000005  len_currency_32_858
00000005  len_currency_40032_437
00000005  len_currency_40032_850
00000005  len_currency_40032_858
00000005  len_currency_41032_437
00000005  len_currency_41032_850
00000005  len_currency_41032_858
00000005  len_currency_42032_437
00000005  len_currency_42032_850
00000005  len_currency_42032_858
00000005  len_currency_33_437
00000005  len_currency_33_850
00000005  len_currency_33_858
00000005  len_currency_34_437
00000005  len_currency_34_850
00000005  len_currency_34_858
00000005  len_currency_40034_437
00000005  len_currency_40034_850
00000005  len_currency_40034_858
00000005  len_currency_41034_437
00000005  len_currency_41034_850
00000005  len_currency_41034_858
00000005  len_currency_42034_437
00000005  len_currency_42034_850
00000005  len_currency_42034_858
00000005  len_currency_43034_437
00000005  len_currency_43034_850
00000005  len_currency_43034_858
00000005  len_currency_36_850
00000005  len_currency_36_852
00000005  len_currency_36_858
00000005  len_currency_38_850
00000005  len_currency_38_852
00000005  len_currency_38_855
00000005  len_currency_38_858
00000005  len_currency_38_872
00000005  len_currency_39_437
00000005  len_currency_39_850
00000005  len_currency_39_858
00000005  len_currency_40_850
00000005  len_currency_40_852
00000005  len_currency_40_858
00000005  len_currency_41_437
00000005  len_currency_41_850
00000005  len_currency_41_858
00000005  len_currency_40041_437
00000005  len_currency_40041_850
00000005  len_currency_40041_858
00000005  len_currency_41041_437
00000005  len_currency_41041_850
00000005  len_currency_41041_858
00000005  len_currency_42041_437
00000005  len_currency_42041_850
00000005  len_currency_42041_858
00000005  len_currency_42_850
00000005  len_currency_42_852
00000005  len_currency_42_858
00000005  len_currency_43_437
00000005  len_currency_43_850
00000005  len_currency_43_858
00000005  len_currency_44_437
00000005  len_currency_44_850
00000005  len_currency_44_858
00000005  len_currency_45_850
00000005  len_currency_45_858
00000005  len_currency_45_865
00000005  len_currency_46_437
00000005  len_currency_46_850
00000005  len_currency_46_858
00000005  len_currency_46_865
00000005  len_currency_47_850
00000005  len_currency_47_858
00000005  len_currency_47_865
00000005  len_currency_48_850
00000005  len_currency_48_852
00000005  len_currency_48_858
00000005  len_currency_49_437
00000005  len_currency_49_850
00000005  len_currency_49_858
00000005  len_currency_52_437
00000005  len_currency_52_850
00000005  len_currency_52_858
00000005  len_currency_54_437
00000005  len_currency_54_850
00000005  len_currency_54_858
00000005  len_currency_55_437
00000005  len_currency_55_850
00000005  len_currency_55_858
00000005  len_currency_60_437
00000005  len_currency_61_437
00000005  len_currency_61_850
00000005  len_currency_61_858
00000005  len_currency_62_437
00000005  len_currency_62_850
00000005  len_currency_63_437
00000005  len_currency_63_850
00000005  len_currency_64_437
00000005  len_currency_64_850
00000005  len_currency_64_858
00000005  len_currency_65_437
00000005  len_currency_66_437
00000005  len_currency_66_850
00000005  len_currency_66_874
00000005  len_currency_81_437
00000005  len_currency_81_932
00000005  len_currency_82_437
00000005  len_currency_82_934
00000005  len_currency_84_437
00000005  len_currency_84_850
00000005  len_currency_84_1258
00000005  len_currency_86_437
00000005  len_currency_86_936
00000005  len_currency_90_850
00000005  len_currency_90_857
00000005  len_currency_90_858
00000005  len_currency_91_437
00000005  len_currency_351_850
00000005  len_currency_351_858
00000005  len_currency_351_860
00000005  len_currency_352_437
00000005  len_currency_352_850
00000005  len_currency_352_858
00000005  len_currency_353_437
00000005  len_currency_353_850
00000005  len_currency_353_858
00000005  len_currency_354_850
00000005  len_currency_354_858
00000005  len_currency_354_861
00000005  len_currency_354_865
00000005  len_currency_355_850
00000005  len_currency_355_852
00000005  len_currency_355_858
00000005  len_currency_356_437
00000005  len_currency_356_850
00000005  len_currency_356_858
00000005  len_currency_357_850
00000005  len_currency_357_858
00000005  len_currency_357_869
00000005  len_currency_358_437
00000005  len_currency_358_850
00000005  len_currency_358_858
00000005  len_currency_358_865
00000005  len_currency_359_808
00000005  len_currency_359_849
00000005  len_currency_359_850
00000005  len_currency_359_855
00000005  len_currency_359_858
00000005  len_currency_359_866
00000005  len_currency_359_872
00000005  len_currency_359_1131
00000005  len_currency_359_30033
00000005  len_currency_370_775
00000005  len_currency_370_850
00000005  len_currency_370_858
00000005  len_currency_371_775
00000005  len_currency_371_850
00000005  len_currency_371_858
00000005  len_currency_372_775
00000005  len_currency_372_850
00000005  len_currency_372_858
00000005  len_currency_375_849
00000005  len_currency_375_850
00000005  len_currency_375_858
00000005  len_currency_375_1131
00000005  len_currency_380_848
00000005  len_currency_380_855
00000005  len_currency_380_866
00000005  len_currency_380_1125
00000005  len_currency_381_850
00000005  len_currency_381_852
00000005  len_currency_381_855
00000005  len_currency_381_858
00000005  len_currency_381_872
00000005  len_currency_382_850
00000005  len_currency_382_852
00000005  len_currency_382_855
00000005  len_currency_382_858
00000005  len_currency_382_872
00000005  len_currency_383_850
00000005  len_currency_383_852
00000005  len_currency_383_855
00000005  len_currency_383_858
00000005  len_currency_383_872
00000005  len_currency_385_850
00000005  len_currency_385_852
00000005  len_currency_385_858
00000005  len_currency_386_850
00000005  len_currency_386_852
00000005  len_currency_386_858
00000005  len_currency_387_850
00000005  len_currency_387_852
00000005  len_currency_387_855
00000005  len_currency_387_858
00000005  len_currency_387_872
00000005  len_currency_389_850
00000005  len_currency_389_855
00000005  len_currency_389_858
00000005  len_currency_389_872
00000005  len_currency_420_850
00000005  len_currency_420_852
00000005  len_currency_420_858
00000005  len_currency_421_850
00000005  len_currency_421_852
00000005  len_currency_421_858
00000005  len_currency_785_850
00000005  len_currency_785_858
00000005  len_currency_785_864
00000005  len_currency_972_850
00000005  len_currency_972_858
00000005  len_currency_972_862


---- Section .data ------------------------------------------------------------

Real              Virtual           Name
              17                17  ent

---- Section .data1 -----------------------------------------------------------

Real              Virtual           Name
              19                19  country_entries_start
              19                19  __e_1_437
              27                27  __e_1_850
              35                35  __e_1_858
              43                43  __e_2_850
              51                51  __e_2_858
              5F                5F  __e_2_863
              6D                6D  __e_3_437
              7B                7B  __e_3_850
              89                89  __e_3_858
              97                97  __e_7_437
              A5                A5  __e_7_808
              B3                B3  __e_7_850
              C1                C1  __e_7_852
              CF                CF  __e_7_855
              DD                DD  __e_7_858
              EB                EB  __e_7_866
              F9                F9  __e_7_872
             107               107  __e_27_437
             115               115  __e_27_850
             123               123  __e_27_858
             131               131  __e_30_737
             13F               13F  __e_30_850
             14D               14D  __e_30_858
             15B               15B  __e_30_869
             169               169  __e_31_437
             177               177  __e_31_850
             185               185  __e_31_858
             193               193  __e_32_437
             1A1               1A1  __e_32_850
             1AF               1AF  __e_32_858
             1BD               1BD  __e_40032_437
             1CB               1CB  __e_40032_850
             1D9               1D9  __e_40032_858
             1E7               1E7  __e_41032_437
             1F5               1F5  __e_41032_850
             203               203  __e_41032_858
             211               211  __e_42032_437
             21F               21F  __e_42032_850
             22D               22D  __e_42032_858
             23B               23B  __e_33_437
             249               249  __e_33_850
             257               257  __e_33_858
             265               265  __e_34_437
             273               273  __e_34_850
             281               281  __e_34_858
             28F               28F  __e_40034_437
             29D               29D  __e_40034_850
             2AB               2AB  __e_40034_858
             2B9               2B9  __e_41034_437
             2C7               2C7  __e_41034_850
             2D5               2D5  __e_41034_858
             2E3               2E3  __e_42034_437
             2F1               2F1  __e_42034_850
             2FF               2FF  __e_42034_858
             30D               30D  __e_43034_437
             31B               31B  __e_43034_850
             329               329  __e_43034_858
             337               337  __e_36_850
             345               345  __e_36_852
             353               353  __e_36_858
             361               361  __e_38_850
             36F               36F  __e_38_852
             37D               37D  __e_38_855
             38B               38B  __e_38_858
             399               399  __e_38_872
             3A7               3A7  __e_39_437
             3B5               3B5  __e_39_850
             3C3               3C3  __e_39_858
             3D1               3D1  __e_40_850
             3DF               3DF  __e_40_852
             3ED               3ED  __e_40_858
             3FB               3FB  __e_41_437
             409               409  __e_41_850
             417               417  __e_41_858
             425               425  __e_40041_437
             433               433  __e_40041_850
             441               441  __e_40041_858
             44F               44F  __e_41041_437
             45D               45D  __e_41041_850
             46B               46B  __e_41041_858
             479               479  __e_42041_437
             487               487  __e_42041_850
             495               495  __e_42041_858
             4A3               4A3  __e_42_850
             4B1               4B1  __e_42_852
             4BF               4BF  __e_42_858
             4CD               4CD  __e_43_437
             4DB               4DB  __e_43_850
             4E9               4E9  __e_43_858
             4F7               4F7  __e_44_437
             505               505  __e_44_850
             513               513  __e_44_858
             521               521  __e_45_850
             52F               52F  __e_45_858
             53D               53D  __e_45_865
             54B               54B  __e_46_437
             559               559  __e_46_850
             567               567  __e_46_858
             575               575  __e_46_865
             583               583  __e_47_850
             591               591  __e_47_858
             59F               59F  __e_47_865
             5AD               5AD  __e_48_850
             5BB               5BB  __e_48_852
             5C9               5C9  __e_48_858
             5D7               5D7  __e_49_437
             5E5               5E5  __e_49_850
             5F3               5F3  __e_49_858
             601               601  __e_52_437
             60F               60F  __e_52_850
             61D               61D  __e_52_858
             62B               62B  __e_54_437
             639               639  __e_54_850
             647               647  __e_54_858
             655               655  __e_55_437
             663               663  __e_55_850
             671               671  __e_55_858
             67F               67F  __e_60_437
             68D               68D  __e_61_437
             69B               69B  __e_61_850
             6A9               6A9  __e_61_858
             6B7               6B7  __e_62_437
             6C5               6C5  __e_62_850
             6D3               6D3  __e_63_437
             6E1               6E1  __e_63_850
             6EF               6EF  __e_64_437
             6FD               6FD  __e_64_850
             70B               70B  __e_64_858
             719               719  __e_65_437
             727               727  __e_66_437
             735               735  __e_66_850
             743               743  __e_66_874
             751               751  __e_81_437
             75F               75F  __e_81_932
             76D               76D  __e_82_437
             77B               77B  __e_82_934
             789               789  __e_84_437
             797               797  __e_84_850
             7A5               7A5  __e_84_1258
             7B3               7B3  __e_86_437
             7C1               7C1  __e_86_936
             7CF               7CF  __e_90_850
             7DD               7DD  __e_90_857
             7EB               7EB  __e_90_858
             7F9               7F9  __e_91_437
             807               807  __e_351_850
             815               815  __e_351_858
             823               823  __e_351_860
             831               831  __e_352_437
             83F               83F  __e_352_850
             84D               84D  __e_352_858
             85B               85B  __e_353_437
             869               869  __e_353_850
             877               877  __e_353_858
             885               885  __e_354_850
             893               893  __e_354_858
             8A1               8A1  __e_354_861
             8AF               8AF  __e_354_865
             8BD               8BD  __e_355_850
             8CB               8CB  __e_355_852
             8D9               8D9  __e_355_858
             8E7               8E7  __e_356_437
             8F5               8F5  __e_356_850
             903               903  __e_356_858
             911               911  __e_357_850
             91F               91F  __e_357_858
             92D               92D  __e_357_869
             93B               93B  __e_358_437
             949               949  __e_358_850
             957               957  __e_358_858
             965               965  __e_358_865
             973               973  __e_359_808
             981               981  __e_359_849
             98F               98F  __e_359_850
             99D               99D  __e_359_855
             9AB               9AB  __e_359_858
             9B9               9B9  __e_359_866
             9C7               9C7  __e_359_872
             9D5               9D5  __e_359_1131
             9E3               9E3  __e_359_30033
             9F1               9F1  __e_370_775
             9FF               9FF  __e_370_850
             A0D               A0D  __e_370_858
             A1B               A1B  __e_371_775
             A29               A29  __e_371_850
             A37               A37  __e_371_858
             A45               A45  __e_372_775
             A53               A53  __e_372_850
             A61               A61  __e_372_858
             A6F               A6F  __e_375_849
             A7D               A7D  __e_375_850
             A8B               A8B  __e_375_858
             A99               A99  __e_375_1131
             AA7               AA7  __e_380_848
             AB5               AB5  __e_380_855
             AC3               AC3  __e_380_866
             AD1               AD1  __e_380_1125
             ADF               ADF  __e_381_850
             AED               AED  __e_381_852
             AFB               AFB  __e_381_855
             B09               B09  __e_381_858
             B17               B17  __e_381_872
             B25               B25  __e_382_850
             B33               B33  __e_382_852
             B41               B41  __e_382_855
             B4F               B4F  __e_382_858
             B5D               B5D  __e_382_872
             B6B               B6B  __e_383_850
             B79               B79  __e_383_852
             B87               B87  __e_383_855
             B95               B95  __e_383_858
             BA3               BA3  __e_383_872
             BB1               BB1  __e_385_850
             BBF               BBF  __e_385_852
             BCD               BCD  __e_385_858
             BDB               BDB  __e_386_850
             BE9               BE9  __e_386_852
             BF7               BF7  __e_386_858
             C05               C05  __e_387_850
             C13               C13  __e_387_852
             C21               C21  __e_387_855
             C2F               C2F  __e_387_858
             C3D               C3D  __e_387_872
             C4B               C4B  __e_389_850
             C59               C59  __e_389_855
             C67               C67  __e_389_858
             C75               C75  __e_389_872
             C83               C83  __e_420_850
             C91               C91  __e_420_852
             C9F               C9F  __e_420_858
             CAD               CAD  __e_421_850
             CBB               CBB  __e_421_852
             CC9               CC9  __e_421_858
             CD7               CD7  __e_785_850
             CE5               CE5  __e_785_858
             CF3               CF3  __e_785_864
             D01               D01  __e_972_850
             D0F               D0F  __e_972_858
             D1D               D1D  __e_972_862
             D2B               D2B  country_entries_end

---- Section .data2 -----------------------------------------------------------

Real              Virtual           Name
             D2B               D2B  _h_1_437
             D65               D65  _h_1_850
             D9F               D9F  _h_1_858
             DD9               DD9  _h_2_850
             E13               E13  _h_2_858
             E4D               E4D  _h_2_863
             E87               E87  _h_3_437
             EC1               EC1  _h_3_850
             EFB               EFB  _h_3_858
             F35               F35  _h_7_437
             F6F               F6F  _h_7_808
             FB1               FB1  _h_7_850
             FEB               FEB  _h_7_852
            1025              1025  _h_7_855
            105F              105F  _h_7_858
            1099              1099  _h_7_866
            10DB              10DB  _h_7_872
            1115              1115  _h_27_437
            114F              114F  _h_27_850
            1189              1189  _h_27_858
            11C3              11C3  _h_30_737
            11FD              11FD  _h_30_850
            1237              1237  _h_30_858
            1271              1271  _h_30_869
            12AB              12AB  _h_31_437
            12E5              12E5  _h_31_850
            131F              131F  _h_31_858
            1359              1359  _h_32_437
            1393              1393  _h_32_850
            13CD              13CD  _h_32_858
            1407              1407  _h_40032_437
            1441              1441  _h_40032_850
            147B              147B  _h_40032_858
            14B5              14B5  _h_41032_437
            14EF              14EF  _h_41032_850
            1529              1529  _h_41032_858
            1563              1563  _h_42032_437
            159D              159D  _h_42032_850
            15D7              15D7  _h_42032_858
            1611              1611  _h_33_437
            164B              164B  _h_33_850
            1685              1685  _h_33_858
            16BF              16BF  _h_34_437
            16F9              16F9  _h_34_850
            1733              1733  _h_34_858
            176D              176D  _h_40034_437
            17A7              17A7  _h_40034_850
            17E1              17E1  _h_40034_858
            181B              181B  _h_41034_437
            1855              1855  _h_41034_850
            188F              188F  _h_41034_858
            18C9              18C9  _h_42034_437
            1903              1903  _h_42034_850
            193D              193D  _h_42034_858
            1977              1977  _h_43034_437
            19B1              19B1  _h_43034_850
            19EB              19EB  _h_43034_858
            1A25              1A25  _h_36_850
            1A5F              1A5F  _h_36_852
            1A99              1A99  _h_36_858
            1AD3              1AD3  _h_38_850
            1B0D              1B0D  _h_38_852
            1B47              1B47  _h_38_855
            1B81              1B81  _h_38_858
            1BBB              1BBB  _h_38_872
            1BF5              1BF5  _h_39_437
            1C2F              1C2F  _h_39_850
            1C69              1C69  _h_39_858
            1CA3              1CA3  _h_40_850
            1CDD              1CDD  _h_40_852
            1D17              1D17  _h_40_858
            1D51              1D51  _h_41_437
            1D8B              1D8B  _h_41_850
            1DC5              1DC5  _h_41_858
            1DFF              1DFF  _h_40041_437
            1E39              1E39  _h_40041_850
            1E73              1E73  _h_40041_858
            1EAD              1EAD  _h_41041_437
            1EE7              1EE7  _h_41041_850
            1F21              1F21  _h_41041_858
            1F5B              1F5B  _h_42041_437
            1F95              1F95  _h_42041_850
            1FCF              1FCF  _h_42041_858
            2009              2009  _h_42_850
            2043              2043  _h_42_852
            207D              207D  _h_42_858
            20B7              20B7  _h_43_437
            20F1              20F1  _h_43_850
            212B              212B  _h_43_858
            2165              2165  _h_44_437
            219F              219F  _h_44_850
            21D9              21D9  _h_44_858
            2213              2213  _h_45_850
            224D              224D  _h_45_858
            2287              2287  _h_45_865
            22C1              22C1  _h_46_437
            22FB              22FB  _h_46_850
            2335              2335  _h_46_858
            236F              236F  _h_46_865
            23A9              23A9  _h_47_850
            23E3              23E3  _h_47_858
            241D              241D  _h_47_865
            2457              2457  _h_48_850
            2491              2491  _h_48_852
            24CB              24CB  _h_48_858
            2505              2505  _h_49_437
            253F              253F  _h_49_850
            2579              2579  _h_49_858
            25B3              25B3  _h_52_437
            25ED              25ED  _h_52_850
            2627              2627  _h_52_858
            2661              2661  _h_54_437
            269B              269B  _h_54_850
            26D5              26D5  _h_54_858
            270F              270F  _h_55_437
            2749              2749  _h_55_850
            2783              2783  _h_55_858
            27BD              27BD  _h_60_437
            27F7              27F7  _h_61_437
            2831              2831  _h_61_850
            286B              286B  _h_61_858
            28A5              28A5  _h_62_437
            28DF              28DF  _h_62_850
            2919              2919  _h_63_437
            2953              2953  _h_63_850
            298D              298D  _h_64_437
            29C7              29C7  _h_64_850
            2A01              2A01  _h_64_858
            2A3B              2A3B  _h_65_437
            2A75              2A75  _h_66_437
            2AAF              2AAF  _h_66_850
            2AE9              2AE9  _h_66_874
            2B23              2B23  _h_81_437
            2B5D              2B5D  _h_81_932
            2B97              2B97  _h_82_437
            2BD1              2BD1  _h_82_934
            2C0B              2C0B  _h_84_437
            2C45              2C45  _h_84_850
            2C7F              2C7F  _h_84_1258
            2CB9              2CB9  _h_86_437
            2CF3              2CF3  _h_86_936
            2D2D              2D2D  _h_90_850
            2D67              2D67  _h_90_857
            2DA1              2DA1  _h_90_858
            2DDB              2DDB  _h_91_437
            2E15              2E15  _h_351_850
            2E4F              2E4F  _h_351_858
            2E89              2E89  _h_351_860
            2EC3              2EC3  _h_352_437
            2EFD              2EFD  _h_352_850
            2F37              2F37  _h_352_858
            2F71              2F71  _h_353_437
            2FAB              2FAB  _h_353_850
            2FE5              2FE5  _h_353_858
            301F              301F  _h_354_850
            3059              3059  _h_354_858
            3093              3093  _h_354_861
            30CD              30CD  _h_354_865
            3107              3107  _h_355_850
            3141              3141  _h_355_852
            317B              317B  _h_355_858
            31B5              31B5  _h_356_437
            31EF              31EF  _h_356_850
            3229              3229  _h_356_858
            3263              3263  _h_357_850
            329D              329D  _h_357_858
            32D7              32D7  _h_357_869
            3311              3311  _h_358_437
            334B              334B  _h_358_850
            3385              3385  _h_358_858
            33BF              33BF  _h_358_865
            33F9              33F9  _h_359_808
            343B              343B  _h_359_849
            347D              347D  _h_359_850
            34B7              34B7  _h_359_855
            34F1              34F1  _h_359_858
            352B              352B  _h_359_866
            356D              356D  _h_359_872
            35A7              35A7  _h_359_1131
            35E9              35E9  _h_359_30033
            362B              362B  _h_370_775
            3665              3665  _h_370_850
            369F              369F  _h_370_858
            36D9              36D9  _h_371_775
            3713              3713  _h_371_850
            374D              374D  _h_371_858
            3787              3787  _h_372_775
            37C1              37C1  _h_372_850
            37FB              37FB  _h_372_858
            3835              3835  _h_375_849
            3877              3877  _h_375_850
            38B1              38B1  _h_375_858
            38EB              38EB  _h_375_1131
            392D              392D  _h_380_848
            396F              396F  _h_380_855
            39B1              39B1  _h_380_866
            39F3              39F3  _h_380_1125
            3A35              3A35  _h_381_850
            3A6F              3A6F  _h_381_852
            3AA9              3AA9  _h_381_855
            3AE3              3AE3  _h_381_858
            3B1D              3B1D  _h_381_872
            3B57              3B57  _h_382_850
            3B91              3B91  _h_382_852
            3BCB              3BCB  _h_382_855
            3C05              3C05  _h_382_858
            3C3F              3C3F  _h_382_872
            3C79              3C79  _h_383_850
            3CB3              3CB3  _h_383_852
            3CED              3CED  _h_383_855
            3D27              3D27  _h_383_858
            3D61              3D61  _h_383_872
            3D9B              3D9B  _h_385_850
            3DD5              3DD5  _h_385_852
            3E0F              3E0F  _h_385_858
            3E49              3E49  _h_386_850
            3E83              3E83  _h_386_852
            3EBD              3EBD  _h_386_858
            3EF7              3EF7  _h_387_850
            3F31              3F31  _h_387_852
            3F6B              3F6B  _h_387_855
            3FA5              3FA5  _h_387_858
            3FDF              3FDF  _h_387_872
            4019              4019  _h_389_850
            4053              4053  _h_389_855
            408D              408D  _h_389_858
            40C7              40C7  _h_389_872
            4101              4101  _h_420_850
            413B              413B  _h_420_852
            4175              4175  _h_420_858
            41AF              41AF  _h_421_850
            41E9              41E9  _h_421_852
            4223              4223  _h_421_858
            425D              425D  _h_785_850
            4297              4297  _h_785_858
            42D1              42D1  _h_785_864
            430B              430B  _h_972_850
            4345              4345  _h_972_858
            437F              437F  _h_972_862

---- Section .data3 -----------------------------------------------------------

Real              Virtual           Name
            43B9              43B9  ci_1_437
            43E9              43E9  ci_1_850
            4419              4419  ci_1_858
            4449              4449  ci_2_850
            4479              4479  ci_2_858
            44A9              44A9  ci_2_863
            44D9              44D9  ci_3_437
            4509              4509  ci_3_850
            4539              4539  ci_3_858
            4569              4569  ci_7_437
            4599              4599  ci_7_808
            45C9              45C9  ci_7_850
            45F9              45F9  ci_7_852
            4629              4629  ci_7_855
            4659              4659  ci_7_858
            4689              4689  ci_7_866
            46B9              46B9  ci_7_872
            46E9              46E9  ci_27_437
            4719              4719  ci_27_850
            4749              4749  ci_27_858
            4779              4779  ci_30_737
            47A9              47A9  ci_30_850
            47D9              47D9  ci_30_858
            4809              4809  ci_30_869
            4839              4839  ci_31_437
            4869              4869  ci_31_850
            4899              4899  ci_31_858
            48C9              48C9  ci_32_437
            48F9              48F9  ci_32_850
            4929              4929  ci_32_858
            4959              4959  ci_40032_437
            4989              4989  ci_40032_850
            49B9              49B9  ci_40032_858
            49E9              49E9  ci_41032_437
            4A19              4A19  ci_41032_850
            4A49              4A49  ci_41032_858
            4A79              4A79  ci_42032_437
            4AA9              4AA9  ci_42032_850
            4AD9              4AD9  ci_42032_858
            4B09              4B09  ci_33_437
            4B39              4B39  ci_33_850
            4B69              4B69  ci_33_858
            4B99              4B99  ci_34_437
            4BC9              4BC9  ci_34_850
            4BF9              4BF9  ci_34_858
            4C29              4C29  ci_40034_437
            4C59              4C59  ci_40034_850
            4C89              4C89  ci_40034_858
            4CB9              4CB9  ci_41034_437
            4CE9              4CE9  ci_41034_850
            4D19              4D19  ci_41034_858
            4D49              4D49  ci_42034_437
            4D79              4D79  ci_42034_850
            4DA9              4DA9  ci_42034_858
            4DD9              4DD9  ci_43034_437
            4E09              4E09  ci_43034_850
            4E39              4E39  ci_43034_858
            4E69              4E69  ci_36_850
            4E99              4E99  ci_36_852
            4EC9              4EC9  ci_36_858
            4EF9              4EF9  ci_38_850
            4F29              4F29  ci_38_852
            4F59              4F59  ci_38_855
            4F89              4F89  ci_38_858
            4FB9              4FB9  ci_38_872
            4FE9              4FE9  ci_39_437
            5019              5019  ci_39_850
            5049              5049  ci_39_858
            5079              5079  ci_40_850
            50A9              50A9  ci_40_852
            50D9              50D9  ci_40_858
            5109              5109  ci_41_437
            5139              5139  ci_41_850
            5169              5169  ci_41_858
            5199              5199  ci_40041_437
            51C9              51C9  ci_40041_850
            51F9              51F9  ci_40041_858
            5229              5229  ci_41041_437
            5259              5259  ci_41041_850
            5289              5289  ci_41041_858
            52B9              52B9  ci_42041_437
            52E9              52E9  ci_42041_850
            5319              5319  ci_42041_858
            5349              5349  ci_42_850
            5379              5379  ci_42_852
            53A9              53A9  ci_42_858
            53D9              53D9  ci_43_437
            5409              5409  ci_43_850
            5439              5439  ci_43_858
            5469              5469  ci_44_437
            5499              5499  ci_44_850
            54C9              54C9  ci_44_858
            54F9              54F9  ci_45_850
            5529              5529  ci_45_858
            5559              5559  ci_45_865
            5589              5589  ci_46_437
            55B9              55B9  ci_46_850
            55E9              55E9  ci_46_858
            5619              5619  ci_46_865
            5649              5649  ci_47_850
            5679              5679  ci_47_858
            56A9              56A9  ci_47_865
            56D9              56D9  ci_48_850
            5709              5709  ci_48_852
            5739              5739  ci_48_858
            5769              5769  ci_49_437
            5799              5799  ci_49_850
            57C9              57C9  ci_49_858
            57F9              57F9  ci_52_437
            5829              5829  ci_52_850
            5859              5859  ci_52_858
            5889              5889  ci_54_437
            58B9              58B9  ci_54_850
            58E9              58E9  ci_54_858
            5919              5919  ci_55_437
            5949              5949  ci_55_850
            5979              5979  ci_55_858
            59A9              59A9  ci_60_437
            59D9              59D9  ci_61_437
            5A09              5A09  ci_61_850
            5A39              5A39  ci_61_858
            5A69              5A69  ci_62_437
            5A99              5A99  ci_62_850
            5AC9              5AC9  ci_63_437
            5AF9              5AF9  ci_63_850
            5B29              5B29  ci_64_437
            5B59              5B59  ci_64_850
            5B89              5B89  ci_64_858
            5BB9              5BB9  ci_65_437
            5BE9              5BE9  ci_66_437
            5C19              5C19  ci_66_850
            5C49              5C49  ci_66_874
            5C79              5C79  ci_81_437
            5CA9              5CA9  ci_81_932
            5CD9              5CD9  ci_82_437
            5D09              5D09  ci_82_934
            5D39              5D39  ci_84_437
            5D69              5D69  ci_84_850
            5D99              5D99  ci_84_1258
            5DC9              5DC9  ci_86_437
            5DF9              5DF9  ci_86_936
            5E29              5E29  ci_90_850
            5E59              5E59  ci_90_857
            5E89              5E89  ci_90_858
            5EB9              5EB9  ci_91_437
            5EE9              5EE9  ci_351_850
            5F19              5F19  ci_351_858
            5F49              5F49  ci_351_860
            5F79              5F79  ci_352_437
            5FA9              5FA9  ci_352_850
            5FD9              5FD9  ci_352_858
            6009              6009  ci_353_437
            6039              6039  ci_353_850
            6069              6069  ci_353_858
            6099              6099  ci_354_850
            60C9              60C9  ci_354_858
            60F9              60F9  ci_354_861
            6129              6129  ci_354_865
            6159              6159  ci_355_850
            6189              6189  ci_355_852
            61B9              61B9  ci_355_858
            61E9              61E9  ci_356_437
            6219              6219  ci_356_850
            6249              6249  ci_356_858
            6279              6279  ci_357_850
            62A9              62A9  ci_357_858
            62D9              62D9  ci_357_869
            6309              6309  ci_358_437
            6339              6339  ci_358_850
            6369              6369  ci_358_858
            6399              6399  ci_358_865
            63C9              63C9  ci_359_808
            63F9              63F9  ci_359_849
            6429              6429  ci_359_850
            6459              6459  ci_359_855
            6489              6489  ci_359_858
            64B9              64B9  ci_359_866
            64E9              64E9  ci_359_872
            6519              6519  ci_359_1131
            6549              6549  ci_359_30033
            6579              6579  ci_370_775
            65A9              65A9  ci_370_850
            65D9              65D9  ci_370_858
            6609              6609  ci_371_775
            6639              6639  ci_371_850
            6669              6669  ci_371_858
            6699              6699  ci_372_775
            66C9              66C9  ci_372_850
            66F9              66F9  ci_372_858
            6729              6729  ci_375_849
            6759              6759  ci_375_850
            6789              6789  ci_375_858
            67B9              67B9  ci_375_1131
            67E9              67E9  ci_380_848
            6819              6819  ci_380_855
            6849              6849  ci_380_866
            6879              6879  ci_380_1125
            68A9              68A9  ci_381_850
            68D9              68D9  ci_381_852
            6909              6909  ci_381_855
            6939              6939  ci_381_858
            6969              6969  ci_381_872
            6999              6999  ci_382_850
            69C9              69C9  ci_382_852
            69F9              69F9  ci_382_855
            6A29              6A29  ci_382_858
            6A59              6A59  ci_382_872
            6A89              6A89  ci_383_850
            6AB9              6AB9  ci_383_852
            6AE9              6AE9  ci_383_855
            6B19              6B19  ci_383_858
            6B49              6B49  ci_383_872
            6B79              6B79  ci_385_850
            6BA9              6BA9  ci_385_852
            6BD9              6BD9  ci_385_858
            6C09              6C09  ci_386_850
            6C39              6C39  ci_386_852
            6C69              6C69  ci_386_858
            6C99              6C99  ci_387_850
            6CC9              6CC9  ci_387_852
            6CF9              6CF9  ci_387_855
            6D29              6D29  ci_387_858
            6D59              6D59  ci_387_872
            6D89              6D89  ci_389_850
            6DB9              6DB9  ci_389_855
            6DE9              6DE9  ci_389_858
            6E19              6E19  ci_389_872
            6E49              6E49  ci_420_850
            6E79              6E79  ci_420_852
            6EA9              6EA9  ci_420_858
            6ED9              6ED9  ci_421_850
            6F09              6F09  ci_421_852
            6F39              6F39  ci_421_858
            6F69              6F69  ci_785_850
            6F99              6F99  ci_785_858
            6FC9              6FC9  ci_785_864
            6FF9              6FF9  ci_972_850
            7029              7029  ci_972_858
            7059              7059  ci_972_862

---- Section .data4 -----------------------------------------------------------

Real              Virtual           Name
            7089              7089  ucase_437
            7089              7089  ucase_874
            7089              7089  ucase_1258
            7113              7113  ucase_850
            719D              719D  ucase_858
            7227              7227  ucase_860
            72B1              72B1  ucase_857
            733B              733B  ucase_863
            73C5              73C5  ucase_865
            744F              744F  ucase_866
            744F              744F  ucase_808
            74D9              74D9  ucase_852
            7563              7563  ucase_855
            7563              7563  ucase_872
            75ED              75ED  ucase_30033
            7677              7677  ucase_869
            7701              7701  ucase_737
            778B              778B  ucase_932
            778B              778B  ucase_934
            778B              778B  ucase_936
            7815              7815  ucase_848
            7815              7815  ucase_1125
            789F              789F  ucase_849
            789F              789F  ucase_1131
            7929              7929  ucase_862
            778B              778B  ucase_864
            79B3              79B3  ucase_775
            7A3D              7A3D  ucase_861
            7AC7              7AC7  lcase_866
            7AC7              7AC7  lcase_808
            7BD1              7BD1  lcase_848
            7BD1              7BD1  lcase_1125
            7BD1              7BD1  lcase_855
            7CDB              7CDB  lcase_849
            7CDB              7CDB  lcase_1131
            7DE5              7DE5  lcase_30033

---- Section .data5 -----------------------------------------------------------

Real              Virtual           Name
            7EEF              7EEF  fchar

---- Section .data6 -----------------------------------------------------------

Real              Virtual           Name
            7F0F              7F0F  en_collate_437
            8019              8019  en_collate_850
            8123              8123  en_collate_858
            822D              822D  es_collate_437
            8337              8337  es_collate_850
            8441              8441  es_collate_858
            8019              8019  ca_collate_850
            8123              8123  ca_collate_858
            7F0F              7F0F  ca_collate_437
            8019              8019  gl_collate_850
            8123              8123  gl_collate_858
            7F0F              7F0F  gl_collate_437
            8019              8019  eu_collate_850
            8123              8123  eu_collate_858
            7F0F              7F0F  eu_collate_437
            8019              8019  de_collate_850
            8123              8123  de_collate_858
            7F0F              7F0F  de_collate_437
            854B              854B  pt_collate_860
            8019              8019  pt_collate_850
            8123              8123  pt_collate_858
            7F0F              7F0F  pt_collate_437
            8655              8655  fr_collate_863
            8019              8019  fr_collate_850
            8123              8123  fr_collate_858
            7F0F              7F0F  fr_collate_437
            8019              8019  it_collate_850
            8123              8123  it_collate_858
            7F0F              7F0F  it_collate_437
            8019              8019  nl_collate_850
            8123              8123  nl_collate_858
            7F0F              7F0F  nl_collate_437
            8019              8019  be_collate_850
            8123              8123  be_collate_858
            7F0F              7F0F  be_collate_437
            875F              875F  tr_collate_857
            8869              8869  tr_collate_850
            8869              8869  tr_collate_858
            8973              8973  dk_collate_865
            8A7D              8A7D  dk_collate_850
            8B87              8B87  dk_collate_858
            8973              8973  no_collate_865
            8A7D              8A7D  no_collate_850
            8B87              8B87  no_collate_858
            8C91              8C91  ru_collate_866
            8C91              8C91  ru_collate_808
            8D9B              8D9B  ru_collate_852
            8EA5              8EA5  pl_collate_852
            8FAF              8FAF  pl_collate_850
            90B9              90B9  pl_collate_858
            91C3              91C3  ru_collate_855
            91C3              91C3  ru_collate_872
            8019              8019  ru_collate_850
            8123              8123  ru_collate_858
            7F0F              7F0F  ru_collate_437
            92CD              92CD  gr_collate_869
            93D7              93D7  gr_collate_737
            8FAF              8FAF  gr_collate_850
            90B9              90B9  gr_collate_858
            8D9B              8D9B  hu_collate_852
            8FAF              8FAF  hu_collate_850
            90B9              90B9  hu_collate_858
            8D9B              8D9B  sh_collate_852
            91C3              91C3  sh_collate_855
            91C3              91C3  sh_collate_872
            8FAF              8FAF  sh_collate_850
            90B9              90B9  sh_collate_858
            8D9B              8D9B  ro_collate_852
            8FAF              8FAF  ro_collate_850
            90B9              90B9  ro_collate_858
            8019              8019  ch_collate_850
            8123              8123  ch_collate_858
            7F0F              7F0F  ch_collate_437
            8D9B              8D9B  cz_collate_852
            8FAF              8FAF  cz_collate_850
            90B9              90B9  cz_collate_858
            8D9B              8D9B  sk_collate_852
            8FAF              8FAF  sk_collate_850
            90B9              90B9  sk_collate_858
            94E1              94E1  se_collate_850
            95EB              95EB  se_collate_858
            96F5              96F5  se_collate_437
            96F5              96F5  se_collate_865
            96F5              96F5  fi_collate_865
            94E1              94E1  fi_collate_850
            95EB              95EB  fi_collate_858
            96F5              96F5  fi_collate_437
            97FF              97FF  jp_collate_932
            9909              9909  kr_collate_934
            9A13              9A13  cn_collate_936
            9B1D              9B1D  by_collate_849
            9B1D              9B1D  by_collate_1131
            8019              8019  by_collate_850
            8123              8123  by_collate_858
            9C27              9C27  bg_collate_30033
            91C3              91C3  bg_collate_855
            91C3              91C3  bg_collate_872
            8019              8019  bg_collate_850
            8123              8123  bg_collate_858
            8C91              8C91  bg_collate_866
            8C91              8C91  bg_collate_808
            9B1D              9B1D  bg_collate_849
            9B1D              9B1D  bg_collate_1131
            9D31              9D31  ua_collate_848
            9D31              9D31  ua_collate_855
            9D31              9D31  ua_collate_866
            9D31              9D31  ua_collate_1125
            8D9B              8D9B  hr_collate_852
            8FAF              8FAF  hr_collate_850
            90B9              90B9  hr_collate_858
            8D9B              8D9B  si_collate_852
            8FAF              8FAF  si_collate_850
            90B9              90B9  si_collate_858
            91C3              91C3  mk_collate_855
            91C3              91C3  mk_collate_872
            8FAF              8FAF  mk_collate_850
            90B9              90B9  mk_collate_858
            9E3B              9E3B  il_collate_862
            8019              8019  il_collate_850
            8123              8123  il_collate_858
            9F45              9F45  xx_collate_864
            8019              8019  xx_collate_850
            8123              8123  xx_collate_858
            A04F              A04F  is_collate_861
            A04F              A04F  is_collate_865
            8019              8019  is_collate_850
            8123              8123  is_collate_858
            A159              A159  ee_collate_775
            8019              8019  ee_collate_850
            8123              8123  ee_collate_858
            A263              A263  lv_collate_775
            8019              8019  lv_collate_850
            8123              8123  lv_collate_858
            A36D              A36D  lt_collate_775
            8019              8019  lt_collate_850
            8123              8123  lt_collate_858
            7F0F              7F0F  th_collate_874
            7F0F              7F0F  vn_collate_1258
            8D9B              8D9B  al_collate_852
            8D9B              8D9B  xk_collate_852
            91C3              91C3  xk_collate_855
            91C3              91C3  xk_collate_872
            8019              8019  xk_collate_850
            8123              8123  xk_collate_858

---- Section .data7 -----------------------------------------------------------

Real              Virtual           Name
            A477              A477  dbcs_empty
            A483              A483  jp_dbcs_932
            A493              A493  kr_dbcs_934
            A4A1              A4A1  cn_dbcs_936

---- Section .data8 -----------------------------------------------------------

Real              Virtual           Name
            A4AF              A4AF  yn_yn
            A4BD              A4BD  yn_sn
            A4CB              A4CB  yn_jn
            A4D9              A4D9  yn_on
            A4E7              A4E7  yn_tn
            A4F5              A4F5  yn_an
            A503              A503  yn_dn
            A511              A511  yn_in
            A51F              A51F  yn_ke
            A52D              A52D  yn_je
            A53B              A53B  yn_be
            A549              A549  yn_no
            A557              A557  yn_eh
            A565              A565  yn_kl
            A573              A573  yn_nl
            A581              A581  yn_sb
            A58F              A58F  yn_ya
            A59D              A59D  yn_pj
            A5AB              A5AB  yn_yt
            A5B9              A5B9  yn_oh
            A5C7              A5C7  yn_il
            A5D5              A5D5  yn_ck
            A5E3              A5E3  yn_cyrl_866
            A5F1              A5F1  yn_cyrl_855
            A5FF              A5FF  yn_cyrl_872
            A60D              A60D  yn_gr_869
            A61B              A61B  yn_gr_737
            A629              A629  yn_il_862
            A637              A637  yn_xx_864
            A645              A645  yn_kr_934
            A653              A653  yn_cn_936

